// Jest Snapshot v1, https://goo.gl/fbAQLP

exports[`FileInput Component Rendering should render correctly 1`] = `"<form><input type=\\"file\\" class=\\"class-1 class-2\\" multiple=\\"\\"></form>"`;

exports[`FileInput Component Rendering should render correctly 2`] = `"<form><input type=\\"file\\" class=\\"class-1 class-2\\" multiple=\\"\\"></form>"`;

exports[`FileInput Rendering should render correctly with
    classNames and multiple configuration 1`] = `"<input type=\\"file\\" class=\\"class-1 class-2\\"/>"`;

exports[`FileInput Rendering should render correctly without
    'classNames' and 'multiple' properties
    passed to config 1`] = `"<input type=\\"file\\" class=\\"\\"/>"`;
